<html>
<body>
<pre>
<h1>礦ision Build Log</h1>
<h2>Tool Versions:</h2>
IDE-Version: μVision V5.14.0.0
Copyright (C) 2015 ARM Ltd and ARM Germany GmbH. All rights reserved.
License Information: 1 HP, Microsoft, LIC=CRMUH-WTZQZ-SFTI0-BEHAZ-JTC53-1Z3MT
 
Tool Versions:
Toolchain:       MDK-ARM Professional  Version: 5.14.0.0
Toolchain Path:  D:\MDK5\ARM\ARMCC\Bin
C Compiler:      Armcc.exe V5.05 update 1 (build 106)
Assembler:       Armasm.exe V5.05 update 1 (build 106)
Linker/Locator:  ArmLink.exe V5.05 update 1 (build 106)
Library Manager: ArmAr.exe V5.05 update 1 (build 106)
Hex Converter:   FromElf.exe V5.05 update 1 (build 106)
CPU DLL:         SARMCM3.DLL V5.14.0.0
Dialog DLL:      DCM.DLL V1.13.1.0
Target DLL:      Segger\JL2CM3.dll V2.99.13.0
Dialog DLL:      TCM.DLL V1.14.4.0
 
<h2>Project:</h2>
F:\ALIENTEK MiniSTM32 V3.0开发板资料\4，程序源码\3，扩展例程\3，扩展例程\1，普通扩展例程\2，库函数版本\扩展实验11 ATK-HC05蓝牙串口模块实验\USER\HC05.uvprojx
Project File Date:  04/11/2015

<h2>Output:</h2>
Rebuild target 'ATK-HC05'
compiling main.c...
main.c(164): warning:  #177-D: variable "key" was declared but never referenced
         u8 key;u8 sendmask=0;u8 sendcnt=0;u8 sendbuf[20];u8 reclen=0;u8 flag=5;u8 a=1;
main.c(164): warning:  #177-D: variable "sendmask" was declared but never referenced
         u8 key;u8 sendmask=0;u8 sendcnt=0;u8 sendbuf[20];u8 reclen=0;u8 flag=5;u8 a=1;
main.c(164): warning:  #177-D: variable "sendcnt" was declared but never referenced
         u8 key;u8 sendmask=0;u8 sendcnt=0;u8 sendbuf[20];u8 reclen=0;u8 flag=5;u8 a=1;
main.c(223): warning:  #177-D: variable "data" was declared but never referenced
        u8 sum=0,i=0;int16_t data=0;
main.c(225): warning:  #177-D: variable "t" was declared but never referenced
        float temperInt,temperXiao,HumInt,HumXiao,t;
main.c(226): warning:  #177-D: variable "bbb" was declared but never referenced
        int aaa,bbb,ccc,ddd;
main.c(226): warning:  #177-D: variable "ddd" was declared but never referenced
        int aaa,bbb,ccc,ddd;
main.c: 7 warnings, 0 errors
compiling stm32f10x_it.c...
compiling system_stm32f10x.c...
compiling led.c...
compiling lcd.c...
compiling key.c...
compiling hc05.c...
compiling usart2.c...
compiling delay.c...
compiling sys.c...
compiling usart.c...
..\SYSTEM\usart\usart.c(115): warning:  #223-D: function "memcpy" declared implicitly
                                                memcpy(raw_data,rebuf,15);//拷贝接收到的数据
..\SYSTEM\usart\usart.c: 1 warning, 0 errors
compiling core_cm3.c...
assembling startup_stm32f10x_hd.s...
compiling stm32f10x_gpio.c...
compiling stm32f10x_rcc.c...
compiling stm32f10x_usart.c...
compiling misc.c...
compiling stm32f10x_dma.c...
compiling stm32f10x_tim.c...
linking...
Program Size: Code=43114 RO-data=6930 RW-data=76 ZI-data=2300  
FromELF: creating hex file...
"..\OBJ\ATK-HC05.axf" - 0 Error(s), 8 Warning(s).

<h2>Collection of Component include folders:</h2>
  F:\ALIENTEK MiniSTM32 V3.0开发板资料\4，程序源码\3，扩展例程\3，扩展例程\1，普通扩展例程\2，库函数版本\扩展实验11 ATK-HC05蓝牙串口模块实验\USER\RTE
  D:\MDK5\ARM\PACK\Keil\STM32F1xx_DFP\1.0.5\Device\Include

<h2>Collection of Component Files used:</h2>
</pre>
</body>
</html>
